CMD: torchrun --nproc_per_node=2 <repo>/main.py --tp 2 --pp 1 --num-steps 50 --warmup-steps 10 --micro-batch-size 4 --amp

step   10 | loss 10.5480
step   20 | loss 10.2419
step   30 | loss 10.0465
step   40 | loss 9.9787
step   50 | loss 9.9697

============================================================
Mini-Megatron Results (TP=2, PP=1, AMP=BF16)
============================================================
Model:           768hid 12lay 12head
Micro batch:     4  |  Seq len: 512  |  Steps: 50
------------------------------------------------------------
Throughput:      26,877 tok/s
Peak memory:     3.12 GB/GPU
MFU:             9.40%
Final loss:      9.9697
============================================================



STDERR:
W0812 01:33:05.013000 360721 torch/distributed/run.py:852] 
W0812 01:33:05.013000 360721 torch/distributed/run.py:852] *****************************************
W0812 01:33:05.013000 360721 torch/distributed/run.py:852] Setting OMP_NUM_THREADS environment variable for each process to be 1 in default, to avoid your system being overloaded, please further tune the variable for optimal performance in your application as needed. 
W0812 01:33:05.013000 360721 torch/distributed/run.py:852] *****************************************
/usr/local/lib/python3.12/dist-packages/torch/distributed/c10d_logger.py:83: UserWarning: barrier(): using the device under current context. You can specify `device_id` in `init_process_group` to mute this warning.
  return func(*args, **kwargs)
[rank0]:[W812 01:33:12.281864841 ProcessGroupNCCL.cpp:5163] Guessing device ID based on global rank. This can cause a hang if rank to GPU mapping is heterogeneous. You can specify device_id in init_process_group()
